C:\daima\duxusheng-zg4\bawei-common\src\main\java\com\bwie\domain\InfoMongo.java
C:\daima\duxusheng-zg4\bawei-common\src\main\java\com\bwie\domain\request\SysUserRequest.java
C:\daima\duxusheng-zg4\bawei-common\src\main\java\com\bwie\utils\TelSmsUtils.java
C:\daima\duxusheng-zg4\bawei-common\src\main\java\com\bwie\domain\response\JwtResponse.java
C:\daima\duxusheng-zg4\bawei-common\src\main\java\com\bwie\utils\JwtUtils.java
C:\daima\duxusheng-zg4\bawei-common\src\main\java\com\bwie\domain\request\InfoRequest.java
C:\daima\duxusheng-zg4\bawei-common\src\main\java\com\bwie\domain\Department.java
C:\daima\duxusheng-zg4\bawei-common\src\main\java\com\bwie\domain\User.java
C:\daima\duxusheng-zg4\bawei-common\src\main\java\com\bwie\utils\StringUtils.java
C:\daima\duxusheng-zg4\bawei-common\src\main\java\com\bwie\result\Result.java
C:\daima\duxusheng-zg4\bawei-common\src\main\java\com\bwie\domain\SysUser.java
C:\daima\duxusheng-zg4\bawei-common\src\main\java\com\bwie\utils\OssUtil.java
C:\daima\duxusheng-zg4\bawei-common\src\main\java\com\bwie\domain\request\ArticleRequest.java
C:\daima\duxusheng-zg4\bawei-common\src\main\java\com\bwie\domain\Info.java
C:\daima\duxusheng-zg4\bawei-common\src\main\java\com\bwie\domain\response\InfoResponse.java
C:\daima\duxusheng-zg4\bawei-common\src\main\java\com\bwie\result\PageResult.java
C:\daima\duxusheng-zg4\bawei-common\src\main\java\com\bwie\domain\Article.java
